{
  "version": "1.5.0",
  "plugins_used": [
    {
      "name": "ArtifactoryDetector"
    },
    {
      "name": "AWSKeyDetector"
    },
    {
      "name": "AzureStorageKeyDetector"
    },
    {
      "name": "Base64HighEntropyString",
      "limit": 4.5
    },
    {
      "name": "BasicAuthDetector"
    },
    {
      "name": "CloudantDetector"
    },
    {
      "name": "DiscordBotTokenDetector"
    },
    {
      "name": "GitHubTokenDetector"
    },
    {
      "name": "GitLabTokenDetector"
    },
    {
      "name": "HexHighEntropyString",
      "limit": 3.0
    },
    {
      "name": "IbmCloudIamDetector"
    },
    {
      "name": "IbmCosHmacDetector"
    },
    {
      "name": "IPPublicDetector"
    },
    {
      "name": "JwtTokenDetector"
    },
    {
      "name": "KeywordDetector",
      "keyword_exclude": ""
    },
    {
      "name": "MailchimpDetector"
    },
    {
      "name": "NpmDetector"
    },
    {
      "name": "OpenAIDetector"
    },
    {
      "name": "PrivateKeyDetector"
    },
    {
      "name": "PypiTokenDetector"
    },
    {
      "name": "SendGridDetector"
    },
    {
      "name": "SlackDetector"
    },
    {
      "name": "SoftlayerDetector"
    },
    {
      "name": "SquareOAuthDetector"
    },
    {
      "name": "StripeDetector"
    },
    {
      "name": "TelegramBotTokenDetector"
    },
    {
      "name": "TwilioKeyDetector"
    }
  ],
  "filters_used": [
    {
      "path": "detect_secrets.filters.allowlist.is_line_allowlisted"
    },
    {
      "path": "detect_secrets.filters.common.is_baseline_file",
      "filename": ".secrets.baseline"
    },
    {
      "path": "detect_secrets.filters.common.is_ignored_due_to_verification_policies",
      "min_level": 2
    },
    {
      "path": "detect_secrets.filters.heuristic.is_indirect_reference"
    },
    {
      "path": "detect_secrets.filters.heuristic.is_likely_id_string"
    },
    {
      "path": "detect_secrets.filters.heuristic.is_lock_file"
    },
    {
      "path": "detect_secrets.filters.heuristic.is_not_alphanumeric_string"
    },
    {
      "path": "detect_secrets.filters.heuristic.is_potential_uuid"
    },
    {
      "path": "detect_secrets.filters.heuristic.is_prefixed_with_dollar_sign"
    },
    {
      "path": "detect_secrets.filters.heuristic.is_sequential_string"
    },
    {
      "path": "detect_secrets.filters.heuristic.is_swagger_file"
    },
    {
      "path": "detect_secrets.filters.heuristic.is_templated_secret"
    },
    {
      "path": "detect_secrets.filters.regex.should_exclude_file",
      "pattern": [
        "^(alembic/versions/|src/main/grpc/.*_pb2.*\\.py|\\.venv-precommit/|data/|logs/|.*\\.lock$|.*\\.ipynb$)"
      ]
    }
  ],
  "results": {
    ".claude/.mcp.json": [
      {
        "type": "Secret Keyword",
        "filename": ".claude/.mcp.json",
        "hashed_secret": "2057fcf37c4eaf50a2dd559a758c3cc5ad32a802",
        "is_verified": false,
        "line_number": 9
      }
    ],
    ".claude/skills/scrapalot-codebase-documenter/assets/templates/API.template.md": [
      {
        "type": "Secret Keyword",
        "filename": ".claude/skills/scrapalot-codebase-documenter/assets/templates/API.template.md",
        "hashed_secret": "cbfdac6008f9cab4083784cbd1874f76618d2a97",
        "is_verified": false,
        "line_number": 43
      },
      {
        "type": "Secret Keyword",
        "filename": ".claude/skills/scrapalot-codebase-documenter/assets/templates/API.template.md",
        "hashed_secret": "d3f4b13f80d754d86270530e82ded0c726a02821",
        "is_verified": false,
        "line_number": 480
      }
    ],
    ".claude/skills/scrapalot-database-migration-specialist/SKILL.md": [
      {
        "type": "Hex High Entropy String",
        "filename": ".claude/skills/scrapalot-database-migration-specialist/SKILL.md",
        "hashed_secret": "90bd1b48e958257948487b90bee080ba5ed00caa",
        "is_verified": false,
        "line_number": 86
      },
      {
        "type": "Basic Auth Credentials",
        "filename": ".claude/skills/scrapalot-database-migration-specialist/SKILL.md",
        "hashed_secret": "9d4e1e23bd5b727046a9e3b4b7db57bd8d6ee684",
        "is_verified": false,
        "line_number": 643
      }
    ],
    ".claude/skills/scrapalot-langchain/references/output-lanchain_docs.md": [
      {
        "type": "Base64 High Entropy String",
        "filename": ".claude/skills/scrapalot-langchain/references/output-lanchain_docs.md",
        "hashed_secret": "bf9bf76797cc87013638668d147bc0ca63f4bdd5",
        "is_verified": false,
        "line_number": 280
      },
      {
        "type": "Base64 High Entropy String",
        "filename": ".claude/skills/scrapalot-langchain/references/output-lanchain_docs.md",
        "hashed_secret": "2d87745e8c5631eb26cfb838f64ec20689f5a572",
        "is_verified": false,
        "line_number": 292
      },
      {
        "type": "Base64 High Entropy String",
        "filename": ".claude/skills/scrapalot-langchain/references/output-lanchain_docs.md",
        "hashed_secret": "97bab74c963198b1b2153cbeaa1679be7e98270f",
        "is_verified": false,
        "line_number": 351
      },
      {
        "type": "Base64 High Entropy String",
        "filename": ".claude/skills/scrapalot-langchain/references/output-lanchain_docs.md",
        "hashed_secret": "71bcccb1d719f786b6c3c5dddbd5f54ff87ead28",
        "is_verified": false,
        "line_number": 584
      },
      {
        "type": "Hex High Entropy String",
        "filename": ".claude/skills/scrapalot-langchain/references/output-lanchain_docs.md",
        "hashed_secret": "7fd7ec2bc4f57c0d7cd05172e168a84fc83d8549",
        "is_verified": false,
        "line_number": 629
      },
      {
        "type": "Secret Keyword",
        "filename": ".claude/skills/scrapalot-langchain/references/output-lanchain_docs.md",
        "hashed_secret": "ec3810e10fb78db55ce38b9c18d1c3eb1db739e0",
        "is_verified": false,
        "line_number": 2558
      },
      {
        "type": "Hex High Entropy String",
        "filename": ".claude/skills/scrapalot-langchain/references/output-lanchain_docs.md",
        "hashed_secret": "c87de7634f4ba38a216c085fa1f5752e0902fb61",
        "is_verified": false,
        "line_number": 6017
      },
      {
        "type": "Secret Keyword",
        "filename": ".claude/skills/scrapalot-langchain/references/output-lanchain_docs.md",
        "hashed_secret": "66b3cc82f386c08b314531c702937717f199f6ba",
        "is_verified": false,
        "line_number": 9478
      },
      {
        "type": "Secret Keyword",
        "filename": ".claude/skills/scrapalot-langchain/references/output-lanchain_docs.md",
        "hashed_secret": "3179a65eff2523bbde53c99b299b719c10a35235",
        "is_verified": false,
        "line_number": 13132
      },
      {
        "type": "Basic Auth Credentials",
        "filename": ".claude/skills/scrapalot-langchain/references/output-lanchain_docs.md",
        "hashed_secret": "afc848c316af1a89d49826c5ae9d00ed769415f3",
        "is_verified": false,
        "line_number": 18625
      },
      {
        "type": "Secret Keyword",
        "filename": ".claude/skills/scrapalot-langchain/references/output-lanchain_docs.md",
        "hashed_secret": "1e3667aaaaa887721550cf5cc8a0c5c5760810ed",
        "is_verified": false,
        "line_number": 20960
      },
      {
        "type": "Base64 High Entropy String",
        "filename": ".claude/skills/scrapalot-langchain/references/output-lanchain_docs.md",
        "hashed_secret": "943784350398cb3145e3bc5f5a66fb257c558e48",
        "is_verified": false,
        "line_number": 21146
      }
    ],
    ".claude/skills/scrapalot-tech-debt-analyzer/SKILL.md": [
      {
        "type": "Secret Keyword",
        "filename": ".claude/skills/scrapalot-tech-debt-analyzer/SKILL.md",
        "hashed_secret": "a200967def1296094f1d05e89956b22e6542f561",
        "is_verified": false,
        "line_number": 172
      }
    ],
    ".claude/skills/scrapalot-tech-debt-analyzer/references/debt_categories.md": [
      {
        "type": "Secret Keyword",
        "filename": ".claude/skills/scrapalot-tech-debt-analyzer/references/debt_categories.md",
        "hashed_secret": "15a78bff0e63fdf4fa68393a8ce7574056099e9d",
        "is_verified": false,
        "line_number": 314
      }
    ],
    "alembic.ini": [
      {
        "type": "Basic Auth Credentials",
        "filename": "alembic.ini",
        "hashed_secret": "5baa61e4c9b93f3f0682250b6cf8331b7ee68fd8",
        "is_verified": false,
        "line_number": 71
      }
    ],
    "alembic/README.md": [
      {
        "type": "Hex High Entropy String",
        "filename": "alembic/README.md",
        "hashed_secret": "974590926962188adfee4e2feab37a897aac2c0e",
        "is_verified": false,
        "line_number": 39
      }
    ],
    "alembic/create_migration.py": [
      {
        "type": "Hex High Entropy String",
        "filename": "alembic/create_migration.py",
        "hashed_secret": "974590926962188adfee4e2feab37a897aac2c0e",
        "is_verified": false,
        "line_number": 21
      }
    ],
    "configs/secrets.yaml": [
      {
        "type": "Secret Keyword",
        "filename": "configs/secrets.yaml",
        "hashed_secret": "b1a60087b37b5f72cc25fb25804b8e49db4f9a00",
        "is_verified": false,
        "line_number": 30
      },
      {
        "type": "Secret Keyword",
        "filename": "configs/secrets.yaml",
        "hashed_secret": "2057fcf37c4eaf50a2dd559a758c3cc5ad32a802",
        "is_verified": false,
        "line_number": 39
      },
      {
        "type": "Hex High Entropy String",
        "filename": "configs/secrets.yaml",
        "hashed_secret": "bcfaf71e8648946d50032edbe47f9eaf09a043a6",
        "is_verified": false,
        "line_number": 49
      },
      {
        "type": "Secret Keyword",
        "filename": "configs/secrets.yaml",
        "hashed_secret": "bcfaf71e8648946d50032edbe47f9eaf09a043a6",
        "is_verified": false,
        "line_number": 49
      }
    ],
    "configs/secrets.yaml.example": [
      {
        "type": "Secret Keyword",
        "filename": "configs/secrets.yaml.example",
        "hashed_secret": "b1a60087b37b5f72cc25fb25804b8e49db4f9a00",
        "is_verified": false,
        "line_number": 33
      },
      {
        "type": "Secret Keyword",
        "filename": "configs/secrets.yaml.example",
        "hashed_secret": "2057fcf37c4eaf50a2dd559a758c3cc5ad32a802",
        "is_verified": false,
        "line_number": 35
      },
      {
        "type": "Secret Keyword",
        "filename": "configs/secrets.yaml.example",
        "hashed_secret": "a636a0737611a0c7a46398da9456798e9f18cdf3",
        "is_verified": false,
        "line_number": 42
      }
    ],
    "docker-scrapalot/example.env": [
      {
        "type": "Secret Keyword",
        "filename": "docker-scrapalot/example.env",
        "hashed_secret": "b1a60087b37b5f72cc25fb25804b8e49db4f9a00",
        "is_verified": false,
        "line_number": 12
      },
      {
        "type": "Secret Keyword",
        "filename": "docker-scrapalot/example.env",
        "hashed_secret": "2057fcf37c4eaf50a2dd559a758c3cc5ad32a802",
        "is_verified": false,
        "line_number": 28
      },
      {
        "type": "Hex High Entropy String",
        "filename": "docker-scrapalot/example.env",
        "hashed_secret": "bcfaf71e8648946d50032edbe47f9eaf09a043a6",
        "is_verified": false,
        "line_number": 40
      },
      {
        "type": "Secret Keyword",
        "filename": "docker-scrapalot/example.env",
        "hashed_secret": "bcfaf71e8648946d50032edbe47f9eaf09a043a6",
        "is_verified": false,
        "line_number": 40
      },
      {
        "type": "Secret Keyword",
        "filename": "docker-scrapalot/example.env",
        "hashed_secret": "c58bd8bd48d0084a77de1cbb353173afcfb1ef46",
        "is_verified": false,
        "line_number": 57
      },
      {
        "type": "Secret Keyword",
        "filename": "docker-scrapalot/example.env",
        "hashed_secret": "b60d121b438a380c343d5ec3c2037564b82ffef3",
        "is_verified": false,
        "line_number": 58
      },
      {
        "type": "Secret Keyword",
        "filename": "docker-scrapalot/example.env",
        "hashed_secret": "ec417f567082612f8fd6afafe1abcab831fca840",
        "is_verified": false,
        "line_number": 102
      },
      {
        "type": "Secret Keyword",
        "filename": "docker-scrapalot/example.env",
        "hashed_secret": "0bd236540b3fbc3c568f3abf80895e259f4d6869",
        "is_verified": false,
        "line_number": 105
      },
      {
        "type": "Secret Keyword",
        "filename": "docker-scrapalot/example.env",
        "hashed_secret": "d6949396727adbec13d141b52cbd1efee66c32c4",
        "is_verified": false,
        "line_number": 106
      }
    ],
    "docs/README_CLOUD_INFRA_04_NETWORK_CONFIG.md": [
      {
        "type": "Secret Keyword",
        "filename": "docs/README_CLOUD_INFRA_04_NETWORK_CONFIG.md",
        "hashed_secret": "fa9beb99e4029ad5a6615399e7bbae21356086b3",
        "is_verified": false,
        "line_number": 131
      }
    ],
    "docs/README_CLOUD_INFRA_05_INFRASTRUCTURE.md": [
      {
        "type": "Secret Keyword",
        "filename": "docs/README_CLOUD_INFRA_05_INFRASTRUCTURE.md",
        "hashed_secret": "fa9beb99e4029ad5a6615399e7bbae21356086b3",
        "is_verified": false,
        "line_number": 93
      }
    ],
    "docs/README_DEEP_RESEARCH.md": [
      {
        "type": "Secret Keyword",
        "filename": "docs/README_DEEP_RESEARCH.md",
        "hashed_secret": "02ecb94373bfb3dfe827ca18409f50b016e8302a",
        "is_verified": false,
        "line_number": 1178
      }
    ],
    "docs/README_DEPLOYMENT_GUIDE.md": [
      {
        "type": "Secret Keyword",
        "filename": "docs/README_DEPLOYMENT_GUIDE.md",
        "hashed_secret": "a616a64c0fbc30f12287d0f24f3b90dd2e6a206e",
        "is_verified": false,
        "line_number": 971
      },
      {
        "type": "Basic Auth Credentials",
        "filename": "docs/README_DEPLOYMENT_GUIDE.md",
        "hashed_secret": "9d4e1e23bd5b727046a9e3b4b7db57bd8d6ee684",
        "is_verified": false,
        "line_number": 1142
      }
    ],
    "docs/README_MCP_Testing.md": [
      {
        "type": "Secret Keyword",
        "filename": "docs/README_MCP_Testing.md",
        "hashed_secret": "f865b53623b121fd34ee5426c792e5c33af8c227",
        "is_verified": false,
        "line_number": 161
      }
    ],
    "example.env": [
      {
        "type": "Secret Keyword",
        "filename": "example.env",
        "hashed_secret": "b1a60087b37b5f72cc25fb25804b8e49db4f9a00",
        "is_verified": false,
        "line_number": 3
      },
      {
        "type": "Secret Keyword",
        "filename": "example.env",
        "hashed_secret": "606c380f56ab0ad2e5363b507849c31f36bf0874",
        "is_verified": false,
        "line_number": 19
      },
      {
        "type": "Secret Keyword",
        "filename": "example.env",
        "hashed_secret": "c58bd8bd48d0084a77de1cbb353173afcfb1ef46",
        "is_verified": false,
        "line_number": 21
      },
      {
        "type": "Secret Keyword",
        "filename": "example.env",
        "hashed_secret": "2057fcf37c4eaf50a2dd559a758c3cc5ad32a802",
        "is_verified": false,
        "line_number": 29
      }
    ],
    "scripts/test_celery_ingest.py": [
      {
        "type": "Secret Keyword",
        "filename": "scripts/test_celery_ingest.py",
        "hashed_secret": "d033e22ae348aeb5660fc2140aec35850c4da997",
        "is_verified": false,
        "line_number": 41
      }
    ],
    "scripts/upload_calibre_covers.py": [
      {
        "type": "Secret Keyword",
        "filename": "scripts/upload_calibre_covers.py",
        "hashed_secret": "f865b53623b121fd34ee5426c792e5c33af8c227",
        "is_verified": false,
        "line_number": 42
      }
    ],
    "src/main/config/database.py": [
      {
        "type": "Basic Auth Credentials",
        "filename": "src/main/config/database.py",
        "hashed_secret": "5baa61e4c9b93f3f0682250b6cf8331b7ee68fd8",
        "is_verified": false,
        "line_number": 921
      }
    ],
    "src/main/service/llm/llm_factory.py": [
      {
        "type": "Secret Keyword",
        "filename": "src/main/service/llm/llm_factory.py",
        "hashed_secret": "5bc604777adb22ae457a5473c397202e00689e23",
        "is_verified": false,
        "line_number": 1228
      }
    ],
    "src/main/service/stripe/config_validator.py": [
      {
        "type": "Secret Keyword",
        "filename": "src/main/service/stripe/config_validator.py",
        "hashed_secret": "0eb1e2c3705e157bf514c7a1cae72ecc2f5776db",
        "is_verified": false,
        "line_number": 36
      }
    ],
    "src/main/utils/llm/agent_model_utils.py": [
      {
        "type": "Secret Keyword",
        "filename": "src/main/utils/llm/agent_model_utils.py",
        "hashed_secret": "8ed4322e8e2790b8c928d381ce8d07cfd966e909",
        "is_verified": false,
        "line_number": 105
      }
    ],
    "tests/integration/test_auth.py": [
      {
        "type": "Secret Keyword",
        "filename": "tests/integration/test_auth.py",
        "hashed_secret": "d8ecf7db8fc9ec9c31bc5c9ae2929cc599c75f8d",
        "is_verified": false,
        "line_number": 39
      },
      {
        "type": "Secret Keyword",
        "filename": "tests/integration/test_auth.py",
        "hashed_secret": "5baa61e4c9b93f3f0682250b6cf8331b7ee68fd8",
        "is_verified": false,
        "line_number": 49
      }
    ],
    "tests/scripts/delete_pending_documents.py": [
      {
        "type": "Secret Keyword",
        "filename": "tests/scripts/delete_pending_documents.py",
        "hashed_secret": "b1a60087b37b5f72cc25fb25804b8e49db4f9a00",
        "is_verified": false,
        "line_number": 13
      }
    ],
    "tests/scripts/monitor_recent_uploads.py": [
      {
        "type": "Secret Keyword",
        "filename": "tests/scripts/monitor_recent_uploads.py",
        "hashed_secret": "b1a60087b37b5f72cc25fb25804b8e49db4f9a00",
        "is_verified": false,
        "line_number": 14
      }
    ]
  },
  "generated_at": "2026-06-15T18:52:58Z"
}
